\set ON_ERROR_STOP 
-- we need this to test older versions so they all have the same behavier
set client_min_messages = WARNING;
CREATE OR REPLACE FUNCTION expected_or_fail_bool(val bool, expected bool)
RETURNS void AS
$body$
BEGIN
    IF val != expected THEN
        RAISE EXCEPTION 'val:% does not equal expecteed %', val, expected;
    END IF;
END;
$body$
LANGUAGE plpgsql;
CREATE OR REPLACE FUNCTION expected_or_fail_int(val int, expected int)
RETURNS void AS
$body$
BEGIN
    IF val != expected THEN
        RAISE EXCEPTION 'val:% does not equal expecteed %', val, expected;
    END IF;
END;
$body$
LANGUAGE plpgsql;
drop table if exists ch_position;
CREATE TABLE ch_position(
     fen            board           not null
);
\copy ch_position from stdin
